▲ Next.js 16.1.3 (Turbopack)
- Environments: .env

  Creating an optimized production build ...
